// Jest Snapshot v1, https://goo.gl/fbAQLP

exports[`Pruebas en <GiftItem/> Debe hacer match con el snapshot 1`] = `
<div>
  <div
    class="card"
  >
    <img
      alt="Black"
      src="https://discogs.com/blacksabbath.jpg"
    />
    <p>
      Black
    </p>
  </div>
</div>
`;
